// Jest Snapshot v1, https://goo.gl/fbAQLP

exports[`@App correct render 1`] = `
ShallowWrapper {
  Symbol(enzyme.__root__): [Circular],
  Symbol(enzyme.__unrendered__): <App />,
  Symbol(enzyme.__renderer__): Object {
    "batchedUpdates": [Function],
    "checkPropTypes": [Function],
    "getNode": [Function],
    "render": [Function],
    "simulateError": [Function],
    "simulateEvent": [Function],
    "unmount": [Function],
  },
  Symbol(enzyme.__node__): Object {
    "instance": null,
    "key": undefined,
    "nodeType": "function",
    "props": Object {
      "children": <Provider
        store={
          Object {
            "dispatch": [Function],
            "getState": [Function],
            "replaceReducer": [Function],
            "subscribe": [Function],
            Symbol(observable): [Function],
          }
        }
      >
        <BrowserRouter>
          <Switch>
            <Route
              component={[Function]}
              exact={true}
              path="/"
            />
            <Route
              component={[Function]}
              path="/workout/:number"
            />
          </Switch>
        </BrowserRouter>
      </Provider>,
    },
    "ref": null,
    "rendered": Object {
      "instance": null,
      "key": undefined,
      "nodeType": "class",
      "props": Object {
        "children": <BrowserRouter>
          <Switch>
            <Route
              component={[Function]}
              exact={true}
              path="/"
            />
            <Route
              component={[Function]}
              path="/workout/:number"
            />
          </Switch>
        </BrowserRouter>,
        "store": Object {
          "dispatch": [Function],
          "getState": [Function],
          "replaceReducer": [Function],
          "subscribe": [Function],
          Symbol(observable): [Function],
        },
      },
      "ref": null,
      "rendered": Object {
        "instance": null,
        "key": undefined,
        "nodeType": "class",
        "props": Object {
          "children": <Switch>
            <Route
              component={[Function]}
              exact={true}
              path="/"
            />
            <Route
              component={[Function]}
              path="/workout/:number"
            />
          </Switch>,
        },
        "ref": null,
        "rendered": Object {
          "instance": null,
          "key": undefined,
          "nodeType": "class",
          "props": Object {
            "children": Array [
              <Route
                component={[Function]}
                exact={true}
                path="/"
              />,
              <Route
                component={[Function]}
                path="/workout/:number"
              />,
            ],
          },
          "ref": null,
          "rendered": Array [
            Object {
              "instance": null,
              "key": undefined,
              "nodeType": "class",
              "props": Object {
                "component": [Function],
                "exact": true,
                "path": "/",
              },
              "ref": null,
              "rendered": null,
              "type": [Function],
            },
            Object {
              "instance": null,
              "key": undefined,
              "nodeType": "class",
              "props": Object {
                "component": [Function],
                "path": "/workout/:number",
              },
              "ref": null,
              "rendered": null,
              "type": [Function],
            },
          ],
          "type": [Function],
        },
        "type": [Function],
      },
      "type": [Function],
    },
    "type": [Function],
  },
  Symbol(enzyme.__nodes__): Array [
    Object {
      "instance": null,
      "key": undefined,
      "nodeType": "function",
      "props": Object {
        "children": <Provider
          store={
            Object {
              "dispatch": [Function],
              "getState": [Function],
              "replaceReducer": [Function],
              "subscribe": [Function],
              Symbol(observable): [Function],
            }
          }
        >
          <BrowserRouter>
            <Switch>
              <Route
                component={[Function]}
                exact={true}
                path="/"
              />
              <Route
                component={[Function]}
                path="/workout/:number"
              />
            </Switch>
          </BrowserRouter>
        </Provider>,
      },
      "ref": null,
      "rendered": Object {
        "instance": null,
        "key": undefined,
        "nodeType": "class",
        "props": Object {
          "children": <BrowserRouter>
            <Switch>
              <Route
                component={[Function]}
                exact={true}
                path="/"
              />
              <Route
                component={[Function]}
                path="/workout/:number"
              />
            </Switch>
          </BrowserRouter>,
          "store": Object {
            "dispatch": [Function],
            "getState": [Function],
            "replaceReducer": [Function],
            "subscribe": [Function],
            Symbol(observable): [Function],
          },
        },
        "ref": null,
        "rendered": Object {
          "instance": null,
          "key": undefined,
          "nodeType": "class",
          "props": Object {
            "children": <Switch>
              <Route
                component={[Function]}
                exact={true}
                path="/"
              />
              <Route
                component={[Function]}
                path="/workout/:number"
              />
            </Switch>,
          },
          "ref": null,
          "rendered": Object {
            "instance": null,
            "key": undefined,
            "nodeType": "class",
            "props": Object {
              "children": Array [
                <Route
                  component={[Function]}
                  exact={true}
                  path="/"
                />,
                <Route
                  component={[Function]}
                  path="/workout/:number"
                />,
              ],
            },
            "ref": null,
            "rendered": Array [
              Object {
                "instance": null,
                "key": undefined,
                "nodeType": "class",
                "props": Object {
                  "component": [Function],
                  "exact": true,
                  "path": "/",
                },
                "ref": null,
                "rendered": null,
                "type": [Function],
              },
              Object {
                "instance": null,
                "key": undefined,
                "nodeType": "class",
                "props": Object {
                  "component": [Function],
                  "path": "/workout/:number",
                },
                "ref": null,
                "rendered": null,
                "type": [Function],
              },
            ],
            "type": [Function],
          },
          "type": [Function],
        },
        "type": [Function],
      },
      "type": [Function],
    },
  ],
  Symbol(enzyme.__options__): Object {
    "adapter": ReactSixteenAdapter {
      "options": Object {
        "enableComponentDidUpdateOnSetState": true,
        "legacyContextMode": "parent",
        "lifecycles": Object {
          "componentDidUpdate": Object {
            "onSetState": true,
          },
          "getChildContext": Object {
            "calledByRenderer": false,
          },
          "getDerivedStateFromProps": true,
          "getSnapshotBeforeUpdate": true,
          "setState": Object {
            "skipsComponentDidUpdateOnNullish": true,
          },
        },
      },
    },
  },
  Symbol(enzyme.__childContext__): null,
}
`;
